// Jest Snapshot v1, https://goo.gl/fbAQLP

exports[`render does a baseline render 1`] = `
<Histogram
  barOptions={
    Object {
      "margin": 1,
    }
  }
  data={
    Array [
      Object {
        "timestamp": 1533164401000,
        "total": 0,
      },
      Object {
        "timestamp": 1533164400540,
        "total": 0.8414709848078965,
      },
      Object {
        "timestamp": 1533164400417,
        "total": 0.9092974268256817,
      },
      Object {
        "timestamp": 1533164400990,
        "total": 0.1411200080598672,
      },
      Object {
        "timestamp": 1533164400654,
        "total": 0.7568024953079282,
      },
      Object {
        "timestamp": 1533164400283,
        "total": 0.9589242746631385,
      },
      Object {
        "timestamp": 1533164400960,
        "total": 0.27941549819892586,
      },
      Object {
        "timestamp": 1533164400753,
        "total": 0.6569865987187891,
      },
      Object {
        "timestamp": 1533164400146,
        "total": 0.9893582466233818,
      },
      Object {
        "timestamp": 1533164400912,
        "total": 0.4121184852417566,
      },
    ]
  }
  defaultBarCount={18}
  height={150}
  minZoomUnit={1000}
  onIntervalChange={[Function]}
  padding={10}
  renderPlayButton={true}
  size={
    Object {
      "width": 1000,
    }
  }
  spaceBetweenCharts={10}
  tooltipBarCustomization={[Function]}
  xAccessor={[Function]}
  xAxisFormatter={[Function]}
  yAccessor={[Function]}
  yAxisFormatter={[Function]}
  yAxisTicks={3}
>
  <div
    className="fdz-css-graph-histogram"
  >
    <svg
      className="fdz-js-graph-histogram fdz-css-graph-histogram-chart"
      height={105}
      style={
        Object {
          "marginBottom": 10,
        }
      }
      width={1000}
    >
      <g
        className="fdz-css-graph-histogram-bars"
      >
        <rect
          dataindex={0}
          height={87}
          key="histogram-bin-1533164400100"
          onMouseEnter={[Function]}
          onMouseLeave={[Function]}
          width={51.8}
          x={20.3}
          y={0}
        />
        <rect
          dataindex={1}
          height={0}
          key="histogram-bin-1533164400150"
          onMouseEnter={[Function]}
          onMouseLeave={[Function]}
          width={51.8}
          x={73.1}
          y={87}
        />
        <rect
          dataindex={2}
          height={0}
          key="histogram-bin-1533164400200"
          onMouseEnter={[Function]}
          onMouseLeave={[Function]}
          width={51.8}
          x={125.89999999999999}
          y={87}
        />
        <rect
          dataindex={3}
          height={84.32376460237957}
          key="histogram-bin-1533164400250"
          onMouseEnter={[Function]}
          onMouseLeave={[Function]}
          width={51.80000000000001}
          x={178.7}
          y={2.676235397620431}
        />
        <rect
          dataindex={4}
          height={0}
          key="histogram-bin-1533164400300"
          onMouseEnter={[Function]}
          onMouseLeave={[Function]}
          width={51.80000000000001}
          x={231.5}
          y={87}
        />
        <rect
          dataindex={5}
          height={0}
          key="histogram-bin-1533164400350"
          onMouseEnter={[Function]}
          onMouseLeave={[Function]}
          width={51.799999999999955}
          x={284.3}
          y={87}
        />
        <rect
          dataindex={6}
          height={79.95978848291605}
          key="histogram-bin-1533164400400"
          onMouseEnter={[Function]}
          onMouseLeave={[Function]}
          width={51.80000000000007}
          x={337.09999999999997}
          y={7.0402115170839465}
        />
        <rect
          dataindex={7}
          height={0}
          key="histogram-bin-1533164400450"
          onMouseEnter={[Function]}
          onMouseLeave={[Function]}
          width={51.799999999999955}
          x={389.90000000000003}
          y={87}
        />
        <rect
          dataindex={8}
          height={73.99541665331165}
          key="histogram-bin-1533164400500"
          onMouseEnter={[Function]}
          onMouseLeave={[Function]}
          width={51.80000000000001}
          x={442.7}
          y={13.00458334668835}
        />
        <rect
          dataindex={9}
          height={0}
          key="histogram-bin-1533164400550"
          onMouseEnter={[Function]}
          onMouseLeave={[Function]}
          width={51.799999999999955}
          x={495.5}
          y={87}
        />
        <rect
          dataindex={10}
          height={0}
          key="histogram-bin-1533164400600"
          onMouseEnter={[Function]}
          onMouseLeave={[Function]}
          width={51.80000000000007}
          x={548.3}
          y={87}
        />
        <rect
          dataindex={11}
          height={66.55002605628829}
          key="histogram-bin-1533164400650"
          onMouseEnter={[Function]}
          onMouseLeave={[Function]}
          width={51.79999999999984}
          x={601.1}
          y={20.44997394371171}
        />
        <rect
          dataindex={12}
          height={0}
          key="histogram-bin-1533164400700"
          onMouseEnter={[Function]}
          onMouseLeave={[Function]}
          width={51.80000000000007}
          x={653.8999999999999}
          y={87}
        />
        <rect
          dataindex={13}
          height={57.772636235267434}
          key="histogram-bin-1533164400750"
          onMouseEnter={[Function]}
          onMouseLeave={[Function]}
          width={51.80000000000007}
          x={706.6999999999999}
          y={29.227363764732566}
        />
        <rect
          dataindex={14}
          height={0}
          key="histogram-bin-1533164400800"
          onMouseEnter={[Function]}
          onMouseLeave={[Function]}
          width={51.799999999999955}
          x={759.5}
          y={87}
        />
        <rect
          dataindex={15}
          height={0}
          key="histogram-bin-1533164400850"
          onMouseEnter={[Function]}
          onMouseLeave={[Function]}
          width={51.799999999999955}
          x={812.3}
          y={87}
        />
        <rect
          dataindex={16}
          height={36.239964985788866}
          key="histogram-bin-1533164400900"
          onMouseEnter={[Function]}
          onMouseLeave={[Function]}
          width={51.799999999999955}
          x={865.0999999999999}
          y={50.760035014211134}
        />
        <rect
          dataindex={17}
          height={36.9801223867924}
          key="histogram-bin-1533164400950"
          onMouseEnter={[Function]}
          onMouseLeave={[Function]}
          width={51.80000000000007}
          x={917.8999999999999}
          y={50.0198776132076}
        />
      </g>
      <g
        className="fdz-js-graph-histogram-axis-x fdz-css-graph-histogram-axis-x"
        transform="translate(0, 87)"
      />
      <g
        className="fdz-js-graph-histogram-axis-y fdz-css-graph-histogram-axis-y"
        transform="translate(3, 3)"
      />
    </svg>
    <DensityChart
      brushDensityChartColor="rgba(33, 150, 243, 0.2)"
      brushDensityChartFadedColor="rgba(176, 190, 197, 0.2)"
      brushDomainMax={1533164401000}
      brushDomainMin={1533164400146}
      data={
        Array [
          Object {
            "timestamp": 1533164401000,
            "total": 0,
          },
          Object {
            "timestamp": 1533164400540,
            "total": 0.8414709848078965,
          },
          Object {
            "timestamp": 1533164400417,
            "total": 0.9092974268256817,
          },
          Object {
            "timestamp": 1533164400990,
            "total": 0.1411200080598672,
          },
          Object {
            "timestamp": 1533164400654,
            "total": 0.7568024953079282,
          },
          Object {
            "timestamp": 1533164400283,
            "total": 0.9589242746631385,
          },
          Object {
            "timestamp": 1533164400960,
            "total": 0.27941549819892586,
          },
          Object {
            "timestamp": 1533164400753,
            "total": 0.6569865987187891,
          },
          Object {
            "timestamp": 1533164400146,
            "total": 0.9893582466233818,
          },
          Object {
            "timestamp": 1533164400912,
            "total": 0.4121184852417566,
          },
        ]
      }
      densityChartXScale={[Function]}
      height={35}
      onDomainChanged={[Function]}
      padding={10}
      renderPlayButton={true}
      spaceBetweenCharts={10}
      width={940}
      xAccessor={[Function]}
    >
      <div
        className="fdz-css-graph-histogram-density__wrapper"
      >
        <PlayButton
          brushDomainMax={1533164401000}
          brushDomainMin={1533164400146}
          densityChartXScale={[Function]}
          frameDelay={500}
          frameStep={0.025}
          moveBrush={[Function]}
          width={940}
        >
          <button
            className="ant-btn fdz-css-play-btn ant-btn-icon-only"
            onClick={[Function]}
            type="button"
          >
            <i
              className="anticon anticon-play-circle"
            >
              <svg
                fill="currentColor"
                height="1em"
                viewBox="64 64 896 896"
                width="1em"
              >
                <path
                  d="M512 64C264.6 64 64 264.6 64 512s200.6 448 448 448 448-200.6 448-448S759.4 64 512 64zm0 820c-205.4 
    0-372-166.6-372-372s166.6-372 372-372 372 166.6 372 372-166.6 372-372 372z"
                />
                <path
                  d="M719.4 499.1l-296.1-215A15.9 15.9 0 0 0 398 297v430c0 13.1 14.8 20.5 25.3 12.9l296.1-215a15.9 
    15.9 0 0 0 0-25.8zm-257.6 134V390.9L628.5 512 461.8 633.1z"
                />
              </svg>
            </i>
          </button>
        </PlayButton>
        <div
          className="fdz-css-graph-histogram-density"
          style={
            Object {
              "position": "relative",
            }
          }
        >
          <canvas
            aria-label="Density Chart"
            className="fdz-css-graph-histogram-density__canvas"
            height={35}
            style={
              Object {
                "left": 0,
              }
            }
            width={940}
          />
          <svg
            alt="Density Chart Brush"
            className="fdz-css-graph-histogram-brush"
            height={35}
            style={
              Object {
                "left": 0,
                "position": "absolute",
                "top": 0,
              }
            }
            width={940}
          />
        </div>
      </div>
    </DensityChart>
  </div>
</Histogram>
`;
